<img src="data:image/png;base64, iVBORw0KGgoAAAANSUhEUgAAAi4AAAIzCAAAAAACac1GAAAgAElEQVR4AezBC4LixoIAwcz7Hzq3SuKPANEN9jzvRMhjyc9lkkmSXAmTO8kqzEwyM/lHJckqk1VmkjwRkrySyU4JZHIlBJKj5CgQiEGmQIZYyE/IlyQQSBLISWDIneQgFhIL+UclySqTRZKZbImVQPJKJq/FYEIgV5IhOUoWAQIBsghkCOTn5LEA+aEkM1nFkUzJnWRb8o9KkkWSLDLJ5FKs5Cx5JQmQx2KQISS5FgIhR8kQyBByEDIE8ivySCAkPxMGhlwLGZI7yZ8hSRZJssgkkyEO5F7ySsgQB3KQLAIZAoSQa5mQrAIhkCGQVSBDyG/JAyGE/EggGSY3kiG5k3xZJq8lySJJFplkTPJE8lLIhTiTQCADGUKuhQnJKjOQIWQVIEMgvyaPZAjJe2IQSBKSa8mQQJwIJF8WC3kuSRZJsshMnkmmZIdYyK1kCpBFyKUwSUimwEyGkFUgQyCfII8EhslbQoZAEpIbCSQEcik5CmQK5JVA9siE5LkkWSTJlGSShGyLweSB5FbcEGKQg0CuJEkmkJCQZCCrQIZAPkOeyuQtCYFACMmNZAiQIZkSkqNMhjB5JUNuxSQXMiF5LkkWSTJlkiEQB3IQkyySTQHyQiAngdwISTLADAyQZBXIECCfIk+EkLwjQIZAILmRDMkqCUlIjjIZMjNkCJApZAqEkABjkpCQJBliMpmS55JkkSRTJpkBchQruRDySAjJHoHcCZOQJCZJTgJkCPkkeSX5gUCGBAKTgwRikClMkuQkYzCTJCSEmAyBkBhMyGQIk4QMGRLITEheSJJFkgxJJskqFrIlJBYyJGeBcWYScikm2RBCskgSCBkSCBkC5KPkkQCB5H0hU0hIyBCTEAJhIGQCyUEyZWYCAbJIIIEEEkgIWWSSmckQAgkJyQtJskiSIckkIQZ5IkOmAONAIORKhsQlGZJ7ISchSZgMGSAQyKfJpkBWyTtiIVMIyUHIQTIlQ4BAcpCEZJKsAgQSEgjkIAQyGTJJSIZkSEhIXkiSRZIMmWQM8kKSHCTJUYDcSu6ETJmchATIKgwhmUKGkHfEIK/IvUCmEJJdYiFDskhIAhmSo5CThITkIJMkMznIDBMSSE6SIZMhMIEEkinJTF5JkqNkyEyS18KQIRBIphhkQyAXAmSVyVEYMsUkJJBMCYS8IwSSV+RagCwCGZKXArkQGCAHASaQTCFHCQnJIiQwMzkJTKYEkguBDIEMGbJIIAkweSWJIxNIMkleS5IpIckY5JEkJoFAhmQKZBXIIpAhSSBkCAN5QyBDyCtyJWQKEAhJXkqmWAkkU4CBQDIkJBcSkpCDTEjIZAhkSKYQEkgSCEMIQwiJQYiVScgrSbLKBJLMZIdMFgmZyXPJFJIsQgIzQIZkFbJIwkAgEJL9QqZAXpIrCQTIKiR5JQmQVTIlU8hBrCTkKElIjgLDOJEE4kAgJmMhEMgQyIZkjyRZZQKZZPJakkwxyWuBTIEskpBVgGEmhKwSQqYQCNkpkCFAdpArISRnSfJKIGfJkFxLICFJTgIEkrPkWgLJPyBJVpmQZJK8lskiWcUNuZVcS5ILCYSEkAyZrEKmkD1CpkD2kRshJBeSd8UkZyEJJCTJtUAei5X8A5JklSRJJslLSTKESQxyIyY5S64lgRwkQ0JIgBCGDIGsQl4KmUJ2kzsBAjEIJG8KgZCjAEkSSJJbyR8iSVZJkkkmryWxEEIeC+QguZYMgQxhDBJCkoQQk5wF8kSADIG8Qe4kQwiEEPKeZEpOMkkSSJJbyR8iSVZJkkkmr4UchDwXIENyI0mOEpIhISRMkksxSPJYyBTyHtkUyJRA8p5kCjkKQ0gIQ24kNzIZAvmhAHlTkqySTDJJ9ogjeS0QkhsJgQyxEhJCIAZZxUIWIdsCGQJ5l9wJEAghgeQ9gQwhByEEAklyK7mRyZDJYwHyQCbvSpJVkpkkyTfEIDcygQA5CJAw5CgGuZJsCBAIkPfJrZApDElI3hUIhEyBTAFmyK3kUhjIkMlDIclJyBDIlDEIAbJDkqySzCRJviJJroUEAslZJgcxyb04kLOQIZAfkVtJIAlJAsnbQjIEQk5CkjvJSYBhIGQSyBQIBDIlSQIxSAxCLEyIQZIdkmSVSSZJ8hVJciUMIY7kQkzySsgqkCHkp+RWhgQSkknyAyEEJlcyuZMchUAyBBgIMQkBEjIkGRiYDJkMmZCcJa8lySJMMiFDviFJLoSskiuxkJ2SIZAp5OfkVpKQkIRJ8hPJEHIjuZccJWGySEiGTIZkSoZMIBMyMCEwEzIhE5IdkmSRZEiSJN+QBHIUEoOcxELeExLIEMhvyK0kZMqQJOQHEpLkRnIvOUoyCYRkCITMTIYQSDKTBMJMyMwkicGQQF5KkkUmCSQZ8g0JxImcxEp+KJAhkN+RWwkkQyCQJD+QkJBcS+4lR0lmmJBAmAmZyZRAkknIkCSQJJCZkAkkIS8kyZQkGZJkyFeE3IhJfimBQH5NbgWGnCXJC8mNQAIkCZBVyL3kICEzSVZJZgYmUwIZJkNCkgGSQIacJCQvJMmUZJJAkoF8SpzIWSzkI5JAPkDuBXIhCXkmkBtJJiGLZJXcCzlKIJPMBJLMJJOEEMgkkFhIMsUkxIEZIC8kyRAmYciUEMhvxJFciCP5pAz5CNkhk2dCYpKjhExIiBPZEnISYCBkxiBDhsRKppAhBBJItiWQvJIkQyYkkECAEPKeuCBXYiXfkuwXg2ySHQJ5JjmIEyETyORCcie5kCR3kiHku5IEwiRkCGQKkx3iRO7EgXxbgOwSAskmeSFAXkhuhEBgIMlJILdCXgsM5MuSBJIACYRACEweiDO5FWfyTwp5KZAhZJM8l+yQ3AlZJTEIBEhyI9kn+b4kIWSREAiBXIprcidO5F8T8lwgQyDb5BMSQp4LEAjjQKZA/iBJQjIkySJkEUeyKc7kj5A8EwgE8pB8QoDEBVklz8Rk8nkB8hNJDMZkrOShuCJ/nuSRQIZAnpAXkh+JlTHIvyBJfiK5ktyKa/LHS7YFMoQcBHJPHomFIb8Wk0zJPyMJWSRvCIR4Qv7nJIuYZBXIEMhBYMgdeSDk02IyVvJJATLEBnlTIP8tIUPIEEKAQCAHgUByTx5JViFfERdMtoQhEAuZ4o5ADPLXtpCzGGQIZBXIFHJPHomFIf+ADFnFmSQBsohJ/vqBWBgyJEPIQcgUyBZ5Jflnhfz1O4FsSkgWsZBVIEMg2+SJkJC//lfEgSGvJasAGQJ5SB4KhOSvP1RMchQmUxKySyxkCHlGHkoI+etPlUCcCSQQkjyXMcgiA+QpeSgJ+euPkVxKFpmQDJnJlDwRg5wF8oo8FCB//SkyIcBASKYwIZMkMwnksZDkWvKC/FrGIH99T5IhCUlIJiEkQ5JkEvK+kOfktwIZYpP89aaQK2GYELJKkkwIkMDkqQB5KHlOfit5Js7kr1cCAxkSYhAIM0mmJGQIJJAnYiGEPJI8J7+V7BUn8tetQBLIAANJpoRMkikhJJCnYpKjkAdCnpLfSn4gTuSvKUySIRkyIRkSEkiGEAjkoZhMhkwWGfJAyBPyW8nvxE/If0UMBpIkBIZAQjIkUxiTXElOQhKSDGQKOUoeCUkekN9K/vqxMMmQTAIZEkhWSUyyLQPJDAMhuRZH8liAbJPfSv4FyZ8tBjkIJCQzFgIhQ0JgQpKQQIaxkicCMzNkSDKTKRASSF5KtslvJf+85E8UIIuEAIHAQAJDMhOSRUJmsggwZEheCRNCFglJJmGGCck+yTb5reSfl/whQo5CkkUyZSCZTEmSmYQskkUSBkLIMzEYkyRTJoQkCWEIxCD7JNvkt5JVIP+Q5HOS92RCAmEYkwkESMiUCZlAkkmSSQIZJ0LIU0lCAiGLJCGTRZKB/ESySX4pmQIhDgQCCZCPSz4kQFaZXIlBhjgQMsAAIUkgJBMSQoZMyARCpoSQWMi9hORSIIRhgGEyZZKQAUJCJj+TbJJfSqZkSpIpzBAIZBHIJySfEZKxMOOKCSEki5BMzjJZhCEJGXIWAoFhgDyTkMlJSGAmU0Imq5gEwhCSn0o2yS8lQ0hMJiRJJosEAiEEAvmF5DMSArmUHGWSkEyZZALJkJAhhBAmJBlILAyQnRIykAAhWWSSQBgIYSAHmQzJjyVb5JeSISGZkoQkk0VIyBQShjEZ8q7kkYxBIAZ5JnkqEJJkyiRZJJAMSSZkJiEkBPK+zEwCCclMyMxAhgwk+axki/xSMiSEDEmSJEmAhAmBhAmZJJkQILslQyAQCAFCIBCDQMhjySKTKwlkJiTJKglZJBCDZAIxCIE8k8mFwIxByMxklWQmZGDGJN8RskF+KRlCCIQkSZIkSZIkTMgkkzBMSJLdkiETwoQkIQkhk5CQx2KQDMk4kwzDkDAwEGJlgExh8oZMLiQEQkhmJkOSJBAgEPJdyQb5pWQKgTAhSZIkSZIkScgkgSQhSZLdkiETkiSBJMkkM0ySFwIhTM5CMgMZEpJHQrYEQiAXAuNEQhIyk8zMDAkhBkk+K0BuxSA35JeSRQhkQpIkSZJkSJKQyRSSkCTJbsmQIUmGQJIEkpmEyb8jEDIMM8BYSGYmQ5KQkJkkZJIE8hUxCIHcSEKuyS8lq0CSJEmSJEmSJEnIZEpIEpJkt2RIwiSTIUwSAklIku8K5FJmYEKSSTKEJEMmmUCSkJCBhBDyVUmSJFuSa/JLyVGSJEmSCUmSCUlCJlNCkpAkuyVDJmSSTEkyJJmQJG8J5LlMTjIDhJgMMBMyBjlJyEwykySEQJIhkK8IJBliMpMNmVyRX0ogFpIMSZIJGZIJSUImU0KSkCS7JUPGYJJMCYRkkoTJOwKTSxmyCoQMJEDIZAhMhgQyIbmSCZkMYSYQg5wlHxQgUxKDTJmZbMiQS/I7yZQsAiSQJCGQMCFAkiSBJEkSkt2SIRMygUASCMwkQJKHYhJiYQjEiRAYB5KQSQgJmSwyIRDIJBkyWcRCiEkI2ZB8RExCMiVDssjMZEMmV+R3kiFkCgmZMoSEkJBVJgSSJElCslsCSUImhIQMmUkyhTyUDGGSDMmlhOQkSchMhoTkIBAymZIYjEEIkCGQg2RT8iuxkKNkSIZkiEmSDZlckd9JpljIEEIgIUMIhExhQiZJEibJfsmQCYGZQCwMM1byWDIFkgzJpSQ5S0gykyEhuZIBQgJJMgTIrUA+LCa5kQwJJFMCSbIhSS7J7yT3AplikkUggZBkkiQEkuyXDIFMAfIDyUkCyVEgCclJQpJAAgkZSJwIBPIPi4XcSIZkSCCZEgiTDUlySX4neUPIIs5kCtkv+YjkWrLKBEKSkwwkBmMQAgP5F8Ukt2IyhGRIhmRIFsm9kOSS/E7yY8kQSCBvSD4iY5uxEOKS3En+RTHJtVjJKiEZYjAZkkWyJZNL8jvJ74W8J/mIQJ5I/lyxkBsxyLWE5CCTIVkkWzK5JL+T/BuSj0j+18SRXIuVbEhIpkCSIRkC2ZKZnMnvJP+G5P+dWMidWMgTCcmUQDLEJA9kJmfyOyH/guT/iziQezHJawnJkEDIa5nJmfxSXJLk+5L/ujiQDbGS3ZJkSIaQk5AtmSQn8lFhPCafkfxXxUq2xEogSXZLSCAJCYGYTLZkkpzIPymuyA8l/y1xJBviQM6SZLeEBJJVQkKSbMkkOZF/UZzJTjHI/744ky1xIBuSZLeEBJIphAQC2ZRJciJ/iNhJ/kfFNXkgDuSpTHZLSIaYZEoy2ZZkciIfEtfk/7m4IU/FkeyTyW4JyZAcZWCyLcnkRD4kuRJPyH9KbJDX4kwyeUMmuyUk1xKSZFsmyZF8SLJfnMjvxL9P9osLcimTN2SyW0IyxSCLkOSBTJIj+ZDkR+J35M8W1+ShTN6QyW4JyRBCCCQQ8kAmIQfyGQmxg/yXxSUhZK9M3pDJbgnJkAwJxCSPZELISj4jIXktrsgnxJlA7CWLTEIeCAkhicfkQkKyWyZvyGS3hGRIhuS1TCBZyWckJG+LW/JEbJKTEJKdYmGGxAMSEhiyV5LslskbMtktIRmSIXktEwhZyGckJB8QT8hLCcm3JLslyW6ZvCGT3RKSIUCSKRayKZMhWchnJCR/gIRkryTZK5PdkmRTHMhJJm/IZLeEZJUkQ0iSbMpkSBbyGQnJ1yQ7JclumeyWyW5JchYnskpOMnlDJrslJFNIyJAE8kAmQ7KQz0hIvibZKSHZK5PdMnkkuZYkZ8md5CiTN2SyW0IyJUeZQMiWJIFkIZ+RkHxLsleS3IoDuZbJbplsC0MuJclZcis5SZL9MtktIZkSQoYMkGRLkkAgg3xGknxNsleSXAtZBXIpk90y2RRCcilJzgKMIyHkJEn2y2S3hGRKIBkSkpBNmUzJIJ+RJF+T7JUkV0JOQi5kslsmW0IguZQk15KDhOQsSfbLZL+EZAghGQKTZFsmUzLIZyTJ1yR7JcmlEGIhhJxlsluS3AsZkktJ8kBIyFmS7JfJfgnJkAzJKpMHMlkkIJ+RJF+T7JUkF0IIGUJIzjLZLUnuJVNyKUm2hYRcSJL9kmS3hGTIhGQIJHkgk0UI8hlJ8jXJXklyISFkEZKcZbJbktwJmZJLSbItIbmUJPslyW4JCSQJyZBA8kAmqxD5iITka5K9kuQsJOQgQM4y2S2TOyGL5FKSbAoJuZQk+yXJbgkJhGQyJRCyLZODRD4iIfmaZK8kOUtIHslktyS5EZIJyaUk2RISciVJ9kuS3RKSIZNkCBmSbZkchPIRCcnXJHslyVlC8kgmu2VyKwkTkktJsiUhuZYk+yXJbgnJkAwJJFOyLZOjlI9ISL4m2StJzhKSWMiNTHbL5EZIkpBcSpINISE3MnlDJrslJEMMJpAMyQOZnCQfkZB8TbJXkpwlBLII5FImu2VyLSQkIbmUJBsSkluZvCGT3RKSg0wgFvJAkhykfERC8jXJTgnJSXIt5EImu2VyLQkhIbmUJPdCQm5l8oZMdktIVmEyJM8kyUHKRyQkX5PslJCcJIuYBELOMtktkythCCQkl5LkXkJyJ5M3ZLJbQkJgQrJDJgcpH5GQfE2yU0JykgwhQwgkZ5nslsmlkGRISC4lyZ0EkjuZvCGT3RISkoTkJAbZkslByEckyfckOyUkJwmELEJIzjLZLZMLISFDQnIpSe4kJPcyeUMmuyUkhEzJEIOQbMrkIOUjkuR7kp0SkpMEkoMEkpNMdsvkLCRkSkguJcmdhOReJm/IZLeEZAiQZEimkE2ZHKR8RJJ8T7JTQnKSQHKQQHKSyW6ZnCWQxCAEyElCciMh2ZDJGzLZLSE5CGTIzOSBTA5SPiEh+Z5kp4TkJIHkKCE5yWS3TM6SIeQk5CghuZGQbMjkDZnslkByLQOTBzI5SPmEhOR7kp0SkpMEkqOE5CST3TI5S+4kRwnJjYRkQyZvyOS1mEwguZYMyQOZHKR8QkLyPclOCclZQnKQQHKSyW6ZnIVcC+QoIbmWQLIhkzdk8lAcyCohGZIhEBIIkC2ZHKR8QkLyNcleCclZQrIKITlJkt0yuRQnQsiFhORaQrIlkzdksiEmOYtJSIZMyIRkkWzJ5Cj5hITka5K9EpKzkJApBJKTJNktk20JyaWE5FpCsiWTN2RyFgdyFCsZEpIhCTAhiUm2ZHKQ8gkJydckeyUkF0ICDARCTpJkt0y2JSSXEpIrCSRbMnlDkkAs5CwWciEhGZJMEpIk2ZYkq5RPSEi+JtkrIbmUTMkUcpYku2WyLSG5lJBcS0K2ZLJbJjHIURzIvYRkSKYQkiTZliSrlE9ISL4m2SshuRTIQSAXkmS3JNmWJJcSkmsBsimT12IhmUxxIE8kJEMYg0AyJA9kskr5hITka5K9EpJrgUwhV5JktyTZFIZcSkh2y+SROJKD/2MPXpDc1qLECFbtf9FlgF+QTUjnNvU8Ew5nZlzJQELylECySU5kcpXyLyTJfyeZSkh+iJ28SZKxJPks5FVCMpbJm7iRp7iSZCwh2QRmskk2yYlMrkL+hST57yRTCclUkowlyVRCMpYku7iTo7iQiyQZS0g2SZJskk1yIpOb5B9ISP47yVRCMpUkY5mMJSQzARIX8hRPcpQkYwnJLoFkk2ySE5ncyT+QkPx3kqkkGUuSsUzGEpIP4ifZJFdxJ2eSZCwh2WUICUmSnMjkTv6BhOS/k0wlJE/JJvkoScYyGUtIIN7IJ0ncyN8lyVhCsstMQkIyOZHJnfwDCcl/J/kpPhHIeDA2xmcSpyS5SSBDphKSkI/ijSRzSfJBXMiLhGSTJGSyCZMTmdzJP5CQ/HfiA/kkScaS5EwYNwYmyVRCchU/yKskmUuSd4FcBPKUkDxlQsgfZHIn/0BC8j8mnoQkpiQhZCJJRsKEjAv5qyRZkMmbkIeQh4RkkxlIQgIB8kkmd/IPJCRDCfFG/ibZxAfykJCMJRkSI8aQkJCMJcmCTF6FHITcJZBAEgIJyUXySZLcyD+QkAwlJK/inLExNvJnCclYkowlyVRCMpYkCzJ5EUJcCSQPCckmgQAh2YR8lCQ38g8kJEMJyVRCMpSQjCXJWJJMJSRjSbIgk6MQQnYhhNwlJJsw5CKT5ESS3Mg/kJAMJSRTSTKVkIwlyViSTCUkY0myIJOjhJCrEJK7hGQXyFWSyZlMbuQfSJKpJBlLkqmEZCxJxpJkKiEZS5IFmRwlJHcJyV1C8iYzOZXJjfwDSTKVJGNJMpWQjCXJWCZjCclYkizI5CCB5C6B5CYheUogkD/I5Eb+gSSZSpKxJJlKSMaSZCyTsYRkLEkWZHKQQHKXQHKTkFzExuSvMrmRfyBJppJkLEmmEpKxJBnLZCwhmctkQSYHCSR3CSQ3CckmZJdcBHIikxv5XkJyFz/JU5KMJckPcSUvEpKxJBnLZCwhmctkQSYHCSR3CSQ3CckmCQwhQJITmdzI9xKSu+RdyEOSjCXJm5CrkIOEZCxJxjIZS0jmMlmQyUECyU0IJDcJySYzSSBJkhOZ3Mj3EpK75IfkIUnGkuRFIHchTwnJWJKMZTKWkMxlsiCTgwRCrpJNcpOQbJIw2WQSciKTG/leQnIXL2STPCTJWJIchWwC2YQ8JCRjSTKWyVhCMpfJgkyOEkguQjbJTUKyCYFkk5DJiUxu5HsJyWcJhNwlJGNJcpQQCIGQPCQkY0kylslYQjKXyYJMjhIIMEB2yU1Csksg2SWZnMjkRr6XkJxIQh4SkrEkOQgJuUhIHhKSsSQZy2QsIZnLZEEmRyEXyV1yk5Dskk1CIIScSJIr+V5C8lEIyVNCMpYkBwnJVUjykJCMJclYJmMJyVwmC5LkKOQuTEjukmSTBCYkhCQnMrmS7yUkn4QQ8pSQjGVyEBJyEyAPCclYJnOZjCUkc5ksSJIXgVyEJCQ3Cckm2SWEmSQnMrmS7yXJJyGEHCTJXCYHCcmJhGQsk7lMxhKSuUwWJMm7uBASSG4SSCBkk0BCkpzI5Eq+lpB8khBylCRzmRwkJMRG3iQkY5nMZTKWkMxlsiBJziUkDwnJJtkkEALJmUyu5GsJyQchIS+SZC6TpwQyZBPIUUIylslcJmMJyVwmC5LkXELykJBskk2yScLkRCZX8rWE5KeQkFdJMpfJUwKBXIUcJCRjmcxlMpaQzGWyIpOj5CmE5CEh2WRgskmS5EQmV/K1hOSHkJA3STKXyVPyKuQpIRnLZC6TsYRkLpMVmRwFyE1CyENCsksg2SSb5EQmV/K1hOSHhORdksxl8pTs4kIg5CFJ5jKZy2QsIZnLZEUmR0nIRQjJU0KySZJkk2ySE5lcydcSknchIe+SZCxJnpJNyCYEkockmctkLpO5JJnLZEUmRwkhmxBCnhKSTWYgm2STnMjkSr6WkLwJIfkhScaS5CmBkIsQkockmctkLpO5JJnLZEUmRwnEhRBykJBsArlJNsmJTK7ka0nyLiHkh0zmkuQpgeQmIXlIkrlM5jKZS5K5TFZkchTyFHKUkLxJNsmJTK7ka0nyJoTkp0zmkuQpgeQmIXlIkrEkmctkLknmMlmRyYtArgJ5kZBcBbJLNsmJJLmQryXJm4SQnzKZS5KnBJKbhOQhScaSZC6TuSSZy2RFJm/iRt4lJLuQkE0GJieS5EK+liSvQkh+SpK5JHlKILlJSO4SkrlM5jKZS5K5TFZkMpeQ7BIIgcxMzmRyId9KSF4lJB8kyVySPCUkdwnJXUIyl8lckowlyVwmKzKZS0g2SWACSZicyeRCvpWQvEpIPkiSuSQ5SEKuQkjuEpK5TOaSZCxJ5jJZkclcQrLJBJJNksmZTC7kWwnJiwSSD5JkLkkOEkJ2ISRPSTKXyVwmc0kyl8mKTCZiY0KyyzDZJRByIpML+VZC8iIh+SRJ5pLkIIQQAiHkISEZS5K5TOaSZC6TFZmcige5SJJdAskuE5ITmVzItxKSowSST5JkLkmOkk0gm5CnhGQsSeYymUuSuUxWZPIubuQoTCDZJJsEkoTkRCYX8q2E5Cgh5JMkmUuSo0DuQg4SkrEkmctkLknmMlmRyU3cyFHcSCYkmwxMICFJTmRyId9KSI5iIx8lyVwmbwLZBXKUkIwlyVwmc0kyl8mKjDs5iDs5SEgggUw2ASZnMrmQbyXJWJLMZfJT7ORNQjKWJHOZzCXJXJJMxM7kIB7ko4RkkyHJJsmQE5lcyLeSZCyTBZmMJSRjSTKXyVySzCXJmXiSi2QTV/I3CckmBJJNkiQnMrmQbyXJWCYLMhlLSMaSZC6TuSSZS5IX8SBHsZNAphKSTQIhmwxJTmRyId9KkrFM5pJkLCEZS5K5TOaSZC6JV/Ii7mSTJHMJySbZJJuETE4kyU6+lJCMZbIkGUg2CRlzBjKVrEiScyFxIMkHcSMvkmQuIdnExmQTBsiZTHbypQTif5yxE5KxhIz/hCFkSHwiIU9JchUH8lmSzCUkuySTXSB/kMlOvpSQ/C+RkIwli5K5hISQv4idxNy5EC4AACAASURBVI1MZDKXkOwCTCYy2cmXEuJCQv4o+VfiyjgQMuaMP5KQEAgwPpOfkuQgzsgmSVZkMpeQ7JJN8hTyUSY7+VJCsguJf0ziI7lKnhKSsST5k5CQAEmSj+IDIeNB/ihJVmQyl5DsEjIEYifJR5ns5EsJyVSSzCXJWEIyliRzmcwlJHOZrMhkLiHZJQ/JLuSjTHbypSQZS5K5JBlLSMaSZC6TuYRkLpMVmcwlkEASO4Fkk5zIZCdfSkimkmQuScYSkrEkmctkLiGZy2RFJnMJJJtMSDYJhJzIZCdfSkimkmQuScaSZC5J5jKZS0jmMlmRyVwCySYDk02AJCcy2cl3EpKxTBYkyViSzCXJXCZzCclcJj/FnbzKZEFCskky5CaTE5ns5DsJyVgmC5JkLEnmkmQuk7mEZC6TdyE3IS8yWZCQbDIh2QWSnMhkJ99JSMYyWZAkY0kylyRzmcwlJHOZvArkIeQokwUJySYTkk0CIScy2cl3EpKxTOYSkrEkmUuSuUxexSt5SkjmMnkRArGRTchBJgsSkk1CyC52ciZJNvKdhGQsk7kkmUuSuSSZy+RVcpQ8JSRzmRyFQAiEQHKQyYKEZBMIAfI3SbKR7yQkU0kylyRzSTKXJHOZvEheJE8JyVwmRwmE7EJIDjJZkJBskqvkrzLZyHcSkqkkmUuSuSSZS5K5TF4kRyFPCclcJkcJIVcJyUEmCxKSTbIJkF1s5LNMNvKdhGQqSeaSZC5J5jJZkMmLhHiSg4RkLpOjhOQmITnIZEFCskk2yS6QP8hkI99JSKaSZC5J5pJkLpMFmbxISD5LSOYyOUpIbhKSg0wWJCS7BJJNCIGcyGQj30lIppJkLknGEpK5TBZk8iJJTiQkc5kcJZBchJAcJMlcQrILkASSTE5lspGvJJBMJclckowlJHOZLMjkRZKcSEjmMjlKIGQTQshBkswlJDdJAgmxk48y2chXEpKxJJlLkrGEZC6TBZkcJSQnEpK5TI5CIC6EkKMkmUtINgGSbJKr5KNMNvKVhGQsSeaSZCwhmctkQSZHCUmA/JCQzGXyIuQgeZEkcwnJJiGTTdzJR5ls5CsJyViSzCXJWEIyl8mCTI4SAoEAeZGQzGXyKjkIOUqSuYRkkxDIXSYnMtnIVxKSsUwWJMlYQjKXyYJMjpKDQA4SkrlMXiVHIQdJMpeQbJKQZBdgciKTjXwlIRnLZEGSjCUkc5ksyOQoeRHylJDMJclRCMSFQMhTkswlkECyS3YJJCcy2chXEpKpJFmQJGMJyVwmCzI5SiCuBJKnhGQuSQ5CCNmFQPKUJAsSkk0SJptkk5zIZCNfSUimkmRBJnMJyVwmCzI5SgLZhRDykJDMJclBQshVCMlTkixISDYBkmySTXIiSUC+kiRjSbIgk7mEZC6TBZkcBchNCMlDQjKXJAcJyV0CyVMmCxKSXQjJJgOTE0kC8o2EZCxJFmQyl5DMZbIgk3MJJHcJyVySPCWQ3CWQPGWyICF5k+ySz5IE5BsJyViSzCXJXEIyl8mCTM4lkNwlJHNJ8pSQPCUkT5ksSEjeJElyJhOQbyQkY0kylyRzCclcJgsyOZdAcpeQzCXJUwLJXQLJUyYLEpJd3EgSIGcyAflGQjKWJHNJMpeQzGWyIJM/SEjuEpK5JHlKILlLIHnKZEFCsgkhEwjkTzIB+UZCMpbJgiSZS0jmMlmQyUGAPCSQ3CUkc0nylEDIVQjJQSYLEpJNEhsZyATkGwnJWCYLkmQuIZnLZEEmB0nIXQLJXUIylyQHCYRsAiHkIJMFCckmgYTkrzIB+UZCMpbJgiSZS0jmMlmQyUFCyFUIyUNCMpckByEQF7JJjjJZkJBsMnYmxE7OZALyjYRkLJMFSTKXJAsyWZDJQQIhuxBCHhKSuSQ5So4COcpkQUKyS3ZhIJvkRCYg30hIxjJZkCRjCcmCTBZkchACgQQCyVNCsiCTo0AeQl5lsiAh2cXGkITA5EQmIN9ISKaSZEGSjCUkCzJZkMlRyC5kF/KUkCzI5FXIVSBvMhkLhOQpSSAzOZEJyBcSkrEkWZAkc0myIJMFmbwI5C6Qg4RkQSbv4kp+yuSP4kl2yS6QEBISkhOZgHwhIRlLkgVJMpckCzJZkMmbQHaBvEhIFmSyIpN3cSDvkl0CCYQJJCeSBPlCQjKWJAsyWZAkCzJZkMlPsZN3CcmCTNaEQBzIHyW7BEIghEDOZIJ8ISEZS5IFmSxIkgWZLMhkLiFZkMlUPMlfxU5IdpmZbJJNciYT5AsJyViSLMhkLiFZkMmCTOYSkgWZ/Ek8yV/Fk2wSSDYZkmxiY3ImE+QLCcl/KRkLgeS/k8lcQrIgk3fxJH8TB/IuIdkkSfKUnMgE+UJC/K8hu/h3ZBcvZCyBZCyMH+Tv4k7+KCHZZBiyCxBCPsoE+ULy/7bYyYuYE4gFJkNxJEMJySZ2cpFcJB9lgnwh+f/+L4oj2SVrEpJ3CQTIR5kgv5f8z4srSR4C+X9AHMlPSbIgIXmXQHImE+T3Eoj/WXIVhhA7If7HyS5ZEEfyN0myICG5CpBdsklOJIn8XkLI/xoJyZJkQSZjIRArTFYkyYKEZBdCCCSByYkkkd9LSMaSZclcQjKXJAsymUsgmctkSSYLEpJdkiSQZOzko0zk9xKSsWRZMpeQzCXJgkwWJCRzmSzJ5JO4kFcJyS4hk01ykXyWifxeQjKVrEvmEpK5JFmQyYIkWZDJkkx+CrkI5CAh2QVIssmMnXyUifxeQjKVrEvmEpK5JFmQyYIkWZDJkkzeBPIQ8pSQ7JJNssvkDzKR30tIxpJVyYKEZC5JFmSyIEkWZLIkk1chRyEPCcku2SQTmcjvJSRTybJkQUIylyQLMlmQkMxl8kFcyA+ZvEogrgRC7hKSXbJJJjKR30uSseRVfCBHyYKEZC5JfogreZfJgiRZkMm7QC4CeZXJixBCdiGQ3CUku4yNbOJCzmQiv5aQjCUvQn5IjpIFCclckrwJuQp5lcmCJFmQyZuQh5AXmbxICLkKIblLSHaZkGySJDmTifxaQjKWvEp+Sg6SBQnJXJK8COQu5EUmC5JkQSavQnbJLuQokxcJyV1CcpdAssnYyCZDSE5kIr+WkIwlLwK5Sa5CDpIFCclckhyFHIQcZbIgIZnL5EUIBAYIIQeZHCWQ3CWQ3CSQbJJNskkIkBNJyq8lJGPJu7gxEAg5ShYkJHNJcpRAXAkhB5ksSEjmMnmREMgugeQgk6OE5CEheUhINskm2YRkcipTfi0hGUv+JCHkRbIgIZlLkoMQQnYhJAeZLEiSBZkcJZBchZAcZPIiSe4SSB4Skk2ySXZJIKcy5dcSkqnkT0JIXiULEpK5JDlICLlKIHnKZEGSLMjkKCHkJoHkKZMXAXITQshDQrILkGSTQMiZTPm1JJlLzoUQ8ipZkCQLkuQgIbkJIXnKZEFCMpckBwnJXQLJUyanQgh5SkieEkhCkjOZ8lsJyVxyKoSQN8mCJFmQJE8JJHcJyVMmCxKSuSQ5SEgeEpKnJPkkQDbJQUKyiZ0JJJDJmUz5rYRkLjmVEPIumUtIFiTJU0LykJA8ZbIgIZlLkoOE5CEheUqSD0KuQp4Skl2ySSAJSc5kym8lJGPJqZCQH5K5hGRBkhwEyENC8pTJgoRkLkkOEpK7BJKnJPkguQt5SEg2sZFkk0DImUz5rYRkLDkTEvJTMpeQLEiSUyEkT5ksSEjmkuQgIblLNslDknwQO9mF3CUku4RMdrGRU5nyWwnJWHImIfkgmUtIFiTJmRBInjJZkJDMJclBAslVyCZ5SJJTgUDITUKyC5BkIlN+KyEZS06EhPyULEhIFiTJiRBIDjJZkJDMJclBAiEXyS55SJI/CIHkJiHZJSQzmfJbCclYciIh+SBZkJAsSJLPQiDkIJMFCclckhyEQAgBskueMvmTBJKbhGSXbAJkEzv5LEl+KyEZSz4LCfkgWZCQLMjko0Ag5CiTBQnJXJIchWwCuUueMvmTBJKbBJJNcpEQCCRnMvmthGQs+SiE5JNkQUKyIJMPAtmEvMhkQUIylyQvQu4CITnI5EUgBwnJTQLJJgMMIYmdnMjktxKSseSjBJJPkgUJyYJMfgrZBPIqkwUJyYJMXoVchQnJQSYHISFPCcldQrLJTBLI5I8y+a0kmUs+Skg+ShYkJAsyeRfIJuRdJgsSkgWZvIsbSUgOMjlIIHlIILlLSDZJmGySuJDPMvmlhGQu+SSE5KNkQUKyIJM3IZtAfshkQUKyIJM/SEgOMjlIIHlIILlLSDYhkGySq+SzTH4pIZlLPklIPksWJCQLMnkVAoF8kMmChGRBJucSSA4yOUoIuQkh5C4h2SWQ7GJjIJ9l8ksJyVzyQQLJZ8mChGRBJi9CIOSjTBYkJAsyOQqQuwSSg0yOEghkF0LIQ0KyCYGQm0ySjzL5pYRkLvkggeSzZEFCsiCToxAC+SyTBQnJgkyOkpCrEJKjTI5CNnEhm+QpIdkkJMkmQJIzifxSQjKXfJCQnEgWJCQLMjlKCDmTyYKEZEEmBwkkVwkhR5m8CHkR8pSQbJKEZJNAyJlEfikhmUt+SiA5kSxISBZkchBCciqTBQnJgkyOEkJ2ISQvMnkV8hTIQUKySZJklyTJmUR+KSGZS35KIDmRLEhIFmRykEDImUwWJCQLMjkKIa6EkBeZvAnkIkBeJCSbMEx2SYacSvmlhGQu+SkhOZMsSEgWZHKQQMaRPGWyICFZkMmLkKeQV5n8FBfyQ0KySZJklwnJqZRfSkjmkp8SkjPJgoRkQSZPyU/JUyYLEpIFmbwKuQt5k8mKhGSXQMgmCZNTKb+UkMwlP8VGziQLEpIFmRwkPyRPmSxISBZk8ibkIpB3SbIgIdkFSLLJkORUyi8lyVyyLlmQkCzI5CBkF3IT8pTJgoRkQSbv4ko+SJIFCcldJrskSc6k/FKSzCXrkgUJyYJMXsRO4kaOMlmQkCzIZEmSLEhIdrExeQjkRMovJclcsi5ZkJAsyGRFJgsSkgWZLEmSP4oDE5JdkiSbEDI5k/JLSTKXrEsWJCQLMlmRyYKEZEEmS5LkVbyQowSSTZLk/2EPXrDbCBDkCGbe/9DpBkUSv4bEgkbrsd9GcEgIQ15IeVOS/FyySwYJySCTRSaDhGSQySSJB/IsfjGB5JCZySHAQF5JeVOS/FyySwYJySCTRSaDhGSQye/FPTkRj+RTAskhCZAfSXlTQixkFsiPJSSDTBaZDBKSQSbfwngkJ+KevJaQHALkp1LelCT/XvycEP+AgUBgEvJDCckPhHFhxhdJTsQNCeTnEpJd8p6E5JBcJIeQ/2sSkv+8hACBTOJnTMj4M0k+JGfihlwlySIheRIHeS15T0JcGBfGQeIVmcVEiJ8SkquQH0gGCckgIU7IK5ksEpJHIYS8kvKehOTnkl0ySEh+KO5J/JHEwISMHzNJJpksEpJHGZi8lLwnIfm5ZJcMEpJBJotMBgnJIJNNJouE5JAJAUJySF5K3pOQ/FyySwYJySCTRSaDhGSQySaTRUJyyAAhIQmTV0Lek5D8XLJLBgnJIJNFJoOEZJDJJpNFQnJIPoQQIMkrKe9JSH4u2SWDhGSQySKTQUIyyGSTySIhuYgPckiS5JWU9yQkP5fskkFCMshkkckgIRkkySSTJ3FPviUkH5JvgSSvpLwnIfm5ZJcMkmSRySKTQUIySJJJJg9C7iTfEpInmSGvpLwnIfm5ZJYskmSRySKTQUIySJJJJg+Se8m3BJJHCSGvhLwnIbkXX+RRsksGSbLIZJHJICEZJMkkkwfJnZBvCSSPAgl5IeU9CcmtQH4JuZfskkWSLDJZZDJISBaZTDJ5kBBXcish+RQgh+SQvJDynoTkRsi3QG4lu2SRJIMkWWQySEgWmUyS5F5C8kJCcggwQyBAkpfkPQnJVchFyEXIjWSXLJJkkCSLTAYJySKTSZLcS5JXEpJDcpEckkPykrwnIblKIJBAILmR7JJBQjJIkkUmg4RkkckkSe4lySsJySHjQiBJSF6S9yQk3xIIuUgguZHskkFCMkiSRSaDhGSRySRJ7iQkryQkhwQykAQyeUnek5B8Swj5EEJyI9klg4RkkCSLTAYJySKTSZLcSUheSUgOGQdJSDLkJXlPklwlJJ8SSK6SXTJISAZJsshkkJAsMpkkyZ2EhAB5kpBcJCQkJIfkJXlPklwlJJ8SSK6SXTJISAZJsshkkJAsMpkkyZ2EAIE4yK2E5CIhQyCBkJfkLQnJVULyKSG5keySQUIySJJFJoOEZJHJJEnuJGTyKeRGQvIhwOSQHJKX5C0JyVVCyIcQkhvJLhkkJIMkWWQySEgWmUyS5E5yL+QqIbkIgeQQB0lekbckJFcJhEAghNxIdskgIRkkySKTQUKyyGSSJHeSizjIRci3hOQiOSRfMnlF3pJAcpVAHOQQcivZJYOEZJAki0wGCckik00mdxIIOQQCIV8SkosEQggkJHlF3pKQ3Ai5CrmT7JJBQjJIkkUmg4RkkckmkzsJIb+EQPIlIblIDgkZCMlL8paE5FZylcmtZJcMEpJBkiwyGSQki0w2mdyJg3wJIfmSkFzEByH5kLwkb0lIboRcBXIr2SWDhGSQJItMBgnJIpNNJr+VQPIpIblIDgmBQCCvyFsSkqsQiA8CITeSXTJISAZJsshkkJAsMtlk8lsJJJ8SSC5CSC4CIXlF3pKQfAsh5CIEkhvJLhkkJIMkWWQySEgWmWwy+a0Ekk8JJIckST4FyCvyloTkW0LILyGQXCW7ZJCQDJJkkckgIVlkssnktxJIviQkh8wk+Ql5S0LyLSH5EkJyleySQUIySJJFJoOEZJHJJpN7ya0Eki8JySEzSX5C3pKQfEkg+ZaQXCW7ZJCQDJJkkckgIVlkssnkVhhylZB8S0gOySH5Esgr8paE5EsCybeE5FvyhmSQkAySZJHJICFZZLLJ5FZCyJcQkm8JyUUCyacweUXekpB8SSD5lpB8S96QDBKSQZIsMhkkJItMNpncSiDklxBIviUkFwkkH0JIXpF3JJB8SUi+JZB8S96QDBKSQZIsMhkkJItMNpncCoGQixAI+ZaQHEIg+ZD8lrwlIfmSEPIlIblK3pAMEpJBkiwyGSQki0w2SXIr5BAfBEKuEpJDEiAXIYS8Iu9IIPmWEPJLCMlVsksWCckgSRaZDBKSRSabJLkTcivkRkJySG6EkLwi70hIrhIIuQiB5CrZJYuEZJAkgyQZJCSLTDZJci/kKuRWQnKRcZBvySvyjoTkKuQQF3IIuZHMkkVCMkiSQZIMEpJFJpskeRDIL4HcSUguQgi5CCF5Rd6RQHIVcivkRrJLFgnJIEkWmQwSkkWSTJLkSXyRBwnJhwSSQxKYvCDvSCC5EfItkFvJLlkkJIMkGSTJICFZJMkkSRYJCQQIJIckIXlB3pGQ3AnkQyD3kl2ySEgGmSySZJCQLJJkk8kiIYEEwuSQJCQvyDsSkkfxQZ4ku2SRkAwyWSTJICFZJMkmk0UCCQmZySEMk1fkHQnJzyW7ZJGQDDJZJMkgIVkkySaTRQIJGQeTi0x+Q96RkPxcsksWSbLIZJLJICFZJMkmk5/LBBJCLpKLEEJekHckJD+X7JJFkiwymWQySEgWSbLJ5Fw8ExISCOQQCIGQvCDvSEh+LtkliyRZJMkik0FCskiSRUi8IKcSkkNySBLIMHlB3pEkg2SXLJJkkSSLTAYJySSTE/GCSchvxT0huUg+JJAcknPyjoSYyCwGJpBxS15ICEk2ySCB5Afik8QZ+Y3klzgndxKSizgYCMQvckrekEDyXyWB5E68YIBA/EMmED8hPxMnJH6RH0lIvmRySCBJTskbEkj+qyQk/1YmgwSSRRLGC/Isk0lCchECySHjg5ySNySQ/GMxMIFkExOJgQlk/JQhYTLIZJKQXCQBcgghk3PyhgSSfywZJCSbkEGSDBJIBkmyyWSSkFwE8imJX+SEvCEh+deSQUIySgZJMkggWWSyyWSSkDxKDklyRt6QkPxrySAh2SSLJBkkkCwy2STJIiF5FAgBckbekJD8a8kgIdkkiyQZJJAsMtkkySIh+RIHgQSSF+QNCcm/lgwSkk2ySJJBAskik02SLBKSizgIISRJck7ekJD8Y8kiIdkkiyQZJJAsMtkkySKB5JAkSUJmJufkDQnJP5YsEpJNMslkkZAsMtkkySKB5JBJZkJmkpySNyQk/1iySEg2ySSTQQLJIpPfCkyukmSRQHJIMjAhM5Nz8oaE5FQc5Efik5xIFgnJJjkXIE8yWSQki0xuxQMh5CpJFgkkh5APCckhOSdvSEjOhJD8QMinQB4li4Rkk5wKSR4lySIhWWRyKzmRfEuSSUJyEb8IZEhyTt6QkJxJIPmzkKuQB8kiIdkkpxKSR0mySEgWmdxIziRXmUwSkkcJSXJK3pCQnAiB5I+SOyH3kkVCsknOhJA8SpJFQrLI5FbyLLmRySQhOQTyJblITskbEpJnIYfkT0IgfhFI7iWLhGSTnAiB5FGSLBKSRSa34oFAciOTSUJyyORLhpCckjckybOQi+RPEgi5CCG5lywSkk3yJJBD8ihJFgnJIpPfSQi5kckkITkE8iU5JOdkl5A8Sz4kf5BAyC8JJHeSRUKySe4F8kvyKEkWCckiSV4LCbmVySQheRIIySnZJSRPQj4kf5AQ8imB5E6ySEg2yZ2QL8mjJFkkJItMXgshuZPJJCF5kkCGnJBdQvIoJDkkf5CQfEkguZMsEpJNci/5kjxKkkVCssjkpRBC7mQySUieJB+SE7JLSB6EBALJHyQhXxJI7iSLhGST3IsLOSSPkmSRkCyS5JWEkHuZTBKSTwFyEZ/khOwSknshIQnJHwTIt4TkXrJISDbJmQSSR0mySEgWSfJCCMmDTCYJJBchJH8mu4TkTghJAskkhOReskhINsmphORRkiwSkkWSvJAQ8iCTSQLJRQLJn8kuIbkVQkgCySAQQu4li4Rkk5xKSB4lySIhWSTJuRCSR0mySCA5BAbySyAvyC4huZUQQkLyUwFyCHmQLBKSTXIqIXmUJIuEZJEk5xKSJ0mySCD5llwEEnJKdklyK4QEEpIfCvkleZQsEpJNciaB5FGSLBKSRZKcCiF5kiSThOQiDOQiOSSnZJaQ3AgJBBKSH0o+hTxIFgnJJjmVkDxKkkVCskiSUwkhT5JkkpBcJCQfMpDkjMwSkqsQkouE5IcC5EPIvWSRJKPkTALJoyRZJCSLJDmTQPIsSSYJySEQQg6ZSXJGZgnJtxBCLhKSQYBAcieZJMkoOZWQPEqSRUKySJIzCSTPkmSSkPwSkhwSMuSMzBKSLyEkvyQkmxBCbiWLhGSUnEpIHiXJIiFZJMmZhOREkkwSkovkIhAyJDkjs4TkS3IIMEAIkEUCya1kkZCMklMJyaMkWSQkk0xOJJCcSJJJQnIRQkhCAskpmSUkX5JPyZeQQQLJrWSRkIySUwnJoyRZJCSTTE4kJKcymSQkF0kIIUlIckZmCcmX5ETyGwFyIyG5lSwSklFyKiF5lCSLhGSSyYmE5FQmk4TkIjmEQJKZnJFZQvIleRbyWkhyIyG5lSwSklFyKiF5lCSLhGSSybMEklOZTBKSi5BDCElmckZmCcmXuCUQIL+RQHKVkNxKFgnJKDmTQPIoSRYJySSTZwkkpzKZJCQXSWAIIUlyRmZJci6B5PcSSL4lJHeSRUKySU4lkDxKkkVCMsnkWUJyLpNJQnIRSPIhJDknsyQ5l5D8QQIhn0JI7iSLhGSUnEkgeZQki4RkksmTBJJzmUwSkouEMJBPAfJEZklyLiH5kwSSD4EQcidZJCSj5EwCyaMkWSQkk0yeJJCcy2SSkFwkSZIQB4HkiawSknMJyZ+EEJ/kkNxLFgnJKDmVkDxKkkVCMsnkSQLJuUwmCSSHQA4hhBwCeSKrhORcQvJHyb2Qe8kiIdkkpxJInmSySEgmmTxJSF7IZJJA8iWTQ3KRnJBVQnIuCfmjkFshD5JFQrJJTiWQPMlkkZBMMnmSkLyQySSB5FOYHJJDyAlZJSTnAuQHAvkSyKNkkZBsknNJ8iyTRUIyyeRJHOSFTCYJJBchkBwyDnJGVgnJ34svciJZJCSb5FyAPEmSRUIyyeRJ8htJMklILhIIOWTyiqwSkn8uWSQko2SRJIuEZJIkmySZJCQXCSQXSRzkhKwSkn8uWSQko2SRJIuEZJLJKEkmCclFckgOIYfkhKwSkn8uWSQko2SRJIuEZJLJKEkWCSQXGZgckovkhKyS/xHJIiEZJYskWSQkk0xGyUtxSiC5yMzkIoGQEzJKIH5MwpBRsggh+W+TkPwT8TPyUnKRgclFCCQnZJRMQpL4xwTiv48Q/4b8teQiOSQXCZmckFHyv/6/kXxIILmIg8kJWSX/6/898URILkIguUpOyCi5iB8yk5D/9Z8WV8ZvyaOE5CIJkIs4mJyQUUIgP5QZEv+WHOK/jFzEvyHfwmSSQHJIDsmN5JmMkv9GCSSLZJXJIISQRZKMMpkkkBwyLuQQB0meySgh+beSZJGQTDKZJMkiIZkkySiTSQLJIblIDskh5JmMEpJ/K0kWCckkk0mSLBKSSZKMMpkkkBziIMkhE5ITMkpI/q0kWSQkk0wmSbJISCZJMspkk5BcJAQIJAFyQkYJyb+VJIuEZJLJJEkWCckkSUaZbBKSQyBfkkPIMxklJP9WkiwSkkkmkyRZJCSTJBllsklIDglhCMRBkmeySSD5t5JkkZBMMpkkySIhmSTJKJNNQnIRmMlFQibPZJOQ/GOZTBKSSSaTJFkkJJMkGWWySUieBEjyTDYJyd+LW3Ink0lC8ix+kSeZTJJkkZBsMhllsklIniQQ8kw2CcnfCrkRciuTSULyKOSXkAeZTJJkkZBsMhllsklInsVBTsgmIflLyb3kViaThOReyLdA7mQySZJF+gQS0QAAGRtJREFUQrLJZJTJJiF5EMgrsklI/lJyL7mVySQhuRNyK+RWJpMkWSQkm0xGSTJJSC7igxwyeUE2CclfSohbciuTSUJyKwTigxySW5lMkmSRkGwyGSXJJCG5SiAOck4mCSR/JyHkpUwmCcmtBEIOIRBylSSTJFkkJJtMRkkySSC5CJDk92SSQPJ3EpLXMpkkJDdCCPkQAslVkkySZJGQbDIZJckkgeQq+T2ZJJD8nYTkpSSZJCQ3EkI+hZBcJckkSSZJsslklCSTBJKLOJj8nkwSkr+UkLyUJJOE5EZC8i0huUqSSZJMkmSTyShJJgkkFwmE/BJyRiYJyV9KSF5KkklCcpVA8i0huUqSSZJMkmSTyShJJgkkhyQkOQQSyBOZJCR/KSF5KUkmCclVAsm3hOQqSSZJskhINpmMkmSSQHLIBJJDcpE8kUlC8ncSiE/yJEkmCclVXMiXBJKrJJkkySRJNpmsMtkkJIcwITkkCckTmSQkfye5Eci9JJkkJK8lkFwlySRJFgnJJpNVJpuE5CLDkENykTyRSULyd5I7IXeSZJKQvBQCyVWSTJJkkpBMMlllsklIIA4ScggTkicySUj+TnIv5FaSTBKSV0Ig5CpJJkmySCCZZLLKZJOQXCUXAZI8kUUCyd9JID7IRciNJJkkJC+EQMiNJJkkySKBZJLJKpNNQgIhgckvIckTWSSQ/J2EkIuQQ3IjSSYJyalAIORWkkySZJFAMslklckmITmEmSSHQEKeyCIh+UtxkF9CILmRJJOE5EQgh5A7STJJkklCMslklckmIbnIQJJD8oIsEpL/qBBIrpJkkpA8CeQi5F6STJJkkpBMMlllsklILpJDchESyBNZJCT/WQkkV0kySUgehVwE8iBJJkkySUgmmawy2SQkHxJIPoSQPJFFQvKflUBylckkgeRByCGQJ0kySZJJQjJJklEmmwSSi4SQXxKSJ7JISBbJHySQXGUySSC5FwKBnEiSSZJMEpJJkowy2SSQHEIyuYiDyRNZJCSL5A8SSK4ymSQk90Ig5FSSTJJkkpBMkmSUySaB5JCBJIfkEPJIBgkki+ReHOQqIbmRySQhuRMCIeeSZJIkk4RkkiSjTDYJJIckMzkkIckjGSSQLJJ7Ccm3EJIbmUwSklshBPJCkkySZJKQTJJklMkmgeSQJCSHJCF5JIMEkkVyLyHkUwgkV0kySUhuhBDyUpJMkmSSkEySZJQkkwSSQ0ggF0lC8kgGCSSL5F4CIR9CILmRJJOE5EZCyGtJMslkk5BMkmSUJJMEkotMSA5hIM9kkECySO4lh5BDCITcSJJJQnIjgeS1TDZJMklIJkkySpJNQnKRBMhFCCGPZJCQTJJ7gRziQiDkVpJMEpKr5BAP5CqTTZJMEpJJkqwy2SQkF4GQXCRk8kgGCckieRJyI+ROkkwSkqvkRHKVySZJJgnJJElGSbJJSC6SQ3IRB5NHMkhIFsmzkC+B3EuSSUJylZxIrjLZJMkkIdlkMkqSTUJykQnJl0weySAhWSQnArkI5FGSTBKSq+RZyFUmmySZJCSbTFaZbBKSizBMviTJAxkkJIvkXFzIiSSZJCRXcUZuZLJJkklCsslklckmIbkKITAweSQ/l0CySGZJMklIJplskmSSkGwyWWWySUgu4sKQDITkkfxcAskimSXJJCGZZLJJkklCsslklckmIblIviSvyM8lJJNklskmIZlkskmSSUKyyWSVySaB5BCfhEAIeSQ/l0AySHaZbBKSSSabJJkkJJtMVplsEkgOmSSfQkgeyM8lkAySXSabhGSSySZJJgnJJpNVJpsEkg/xSS4CeSQ/l0D8KwJxYZj8XALJJJNNkkwSkk0mqwyZJJAckkNC8pL8XJL8MwHySxgDgZgZvxhXQnwzITmEhCwSQiYZsglM7sQfCCSHkEOAvCQ/lxBPDIyDfAqQ/zkJJKPkU3IVyLcMjIMJxEQgRhIrIe7J7yWQXMQH+R35uYSQBwnJIT4JxLuEeMH4IF8yk3ck/1xC8m8k95IfyEwggeQiOSQX8UVuyc8lJIsk2SQh55IP8cUkgfjXhNiYEBs5xB8YYHyT+CEzMIHkIg4mF8kvyS35uYRkkSSbJNkkJKNkErJKSCYhyR8kkHxJkk1CcpGQyUUcJJBb8nNJMkmSTZJMEkgmmWwy2SQkm0xWSbJJSC7iYHIjuSc/lySTJNkkySQh2WSyyWSTkGwyWSX5f9qDF4TIrS0Bgpn7X3SOxK+kUgH3GPPoHhPBTEKySzbJkwBJzmRdkowkyUySjCQkM5nMJMlIQjKTyVSSzCQkuxBIniSQ3JF1STKSyUxCMpKQzGQykyQjCclMJlNJMpOQQMgmZBcCyR1ZlpCMZDKTJDMJyUwmM0kykpDMZDKVJDMJCSRPkl2ySe7IsoRkJJOZhGQkIZnJZCaTmYRkJpOxTGYSSEgIJNlkQsiZLEtIrmInD2QykyQzCclMJjOZzCQkM5mMZTKTQELyLNlkIMmZrEogOQuQXSBXyVAmMwnJSJLMZDKTkMwkyVQmMwkkJASSbDLJ5ExWJZCchLwJuUhmEpKRhGQkSWYymUlIHomNPJAkU5k8FE/kXgIJIbtkl4QkZ7IsITkKOQi5l8wkJCMJyUiSzGQyk5BcBLIJkDtJMpXJVSBPAjlJINnEE9mFQMiZrEoguQlklzwLuZPMJMlMQjKSJDOZzCQkdwJ5FXKWJFOZXIS8CTlKILlIILkjqxJIbhIIMEA2yZ1kJklmEpKRJJnJZCYhOQs5CDlJkqlM7iVHgdwkkFwkBHImqxJIbhJInoRA8lVJMpOQjCTJTCYzCclJyC6QXchRkkxlcidkFyC75CaB5CLZJGeyKoHkJiHkWQgkX5QkMwnJSJLMZDKTkJwkEAiBQMhBkkxlcieBQCAEQm4Skl08kV1sTM5kVQLJmwSSVwkkX5QkMwnJSJLMZDKTkByFEPIkBJKDJJnK5CyBkCchkNwkJLskSV5lciarEkjeJIS8SiD5oiSZSUhGkmQmk5mE5CiB5EUIyUGSTGVylkDyItkkbxKSXSCQPAmBkANZlZCchLxJIPmiJJlJSEaSZCaTmYTkKCF5k0BykMlUkpwkkLxINsmbhGSXhCSbkCfJgaxKSA4CeRMCyRclyUxCMpIkM5nMJCRHCcmbBJKDTKaS5CSB5FUCyZuEZJdskl3GzuRAFiWQvCuB5KuSZCYhGUmSmUxmEpKjhORNAslBJlNJcpJA8iqB5E1CsgsMZJc8CTmQRQkkjwUCIV+VJDMJyUiSzGQyk5AcJSRvEkgOMplKkpMEkhfJJnmTkOySTbILMJATWZRAchUgm0C+LElGEkhGkmQmk5mE5ChAbhJIDjKZSpKTZJM8SyC5SUh2ySbZJYTJiSxKILkIeZZ8XUIykkAykiQzmcwkJB9JIDnIZCpJzhII2YVAcpOQ7GIjySbZJSeyKIHkIvk3JclMAslIksxkMpOQfCAEkoNMppLkLATiiWxCbhKSg2STgSQnsighuUpeBPJVSTKTkMwkyUwmMwnJ+0IgOcpkKknuhByFHCSQPAkw2SSQyYksSkiuYie7kC9KkpmEZCZJZjKZSUjeEwiEHGUylST3kqPkKIFkl2ySTQaSnMiihOQ9IZvkqzKZSUhmkmQmk5mE5B0hm5CTTKaS5E4gByEHCSS7MEl2ySY5kUUJybtCIPmiJJlJSGaSZCaTmYTkoUA2IWeZjGVyFrILkF3ITQIJIU+STRKYnMiihOR9ISRflCQzCclMksxkMpNAchXILuROJmOZnCWbEAgEQt4kkJABErLJJEmOZFFC8oEEkq9JkpmEZCZJZjKZSSC5CNkFci+TsUxOQiDkSUiGvEogIdmF7JLA5EQWJSRvYiMHCSRfkyQzCclMksxkMpOQXITsQq4yGcvkJIGQFyGQvElIIBBIniSb5ETWJJC8SUgOEpIvSpKZhGQmSWYymUkgOQtkE8gDmYxlcpJA8iaB5E1CsguE5H2yJoHkTUJykJB8UZLMJCQzSTKTyUxCchayCeShTMYyOUo2yU0CyauE5EWY7EICOZE1CclNAsmbEJIvSpKZhGQmSWYymUlIzpJNyDsyGcvkKNkkNwkkrxKSXQIhu2STnMiahOQmgZAXIZB8UZLMJCQzSTKTyUwCyVEIhLwnk7FMThJIbhJIXiUku0xexUaSI1mTkNwkm+RZCIR8UZLMJCQzSTKTyVBCchACIe/KZCyTkwSSmwSSVwnJLpBXCWRyJGsSkpsQCNkEAiFflSQzCclMJkOZDCUkBwmEvC9JpjI5SSC5SSB5lZBcxM7kSNYkJAchm9jILuTLkmQmIZnJZCiToYTkICH5SJJMZXKSQMirBJI3CclFskuOZE1CchRyFPJ1STKTkMxkMpTJUEJyk2zijhwkyVSSHIVAyJNAIHmTkFzERpIjWZOQnITchHxdQjKTkMxkMpTJUEJykzwQcpMkU0lyEgKBEMgm5E0CyUOxkRtZk5CcBfIskH9BQjKTkMxkMpTJUEJykzyS3CTJVJKcJU8CeZbcJJDcC7mSNQnJRTyTf0dCMpOQzGQylMlQQnKTPJLcJMlUkpwFchJyk0ByL4knciNrEpKRZCwhmUlIZjIZymQmgeQmkIvkIEmmkuReyE0gBwkk95JdciRLEkgmkn8mmUlIZjIZymQoITmJKzlIkqkkuQjkWSAnCST3koTkSJYkkEwk/0wyk5DMZDKUyVBCMpMkU0nySDyTewkkF0mYHMmSBJKJ5B9JhhKSmUyGMhlKSIYymUqSmQSSixAIOZAlCSQTyT+SDCUkM5kMZTKUkAxlMpbJUEJyL3mSHMiSBAJZl/wzyUgCyUiSDGUylJAMZTKWyUwCyUUGkhzIkmST8T9ivJJdYMgDCSQjSTKUyVBCMpTJWCYzCSQXySY5kiXJ/1byKnZCEo8IxAohnkmATGQylJAMZTKWyVBCchUgZ7IkIVaY/I8lkCwI5EUC8d0EMk6E2MhjYTKVhMwkJBfJJjbySpYkJAsyXsk/EJ8T4oUhEPJHSkjOAtnEO4x/wIwpIblIXiSvZElCMpL8E8mnAnmRCWSMGFMCGc8EQj4WQvLHSkgu4o28kiUJyUjyv5FAMpIkM7GTZwESnxCIKYF4h0ASBpJAyC7kWWzkRYDJiyQEQiBZIksSkj9TQjKTJEOZDCUkMyHJOwIMSQgDJMAwnskmXghkvDAkwASSJbIigeTPlJAMZTKUyVBCMpTJWCZDCSRLZEVC8odKSIYyGcpkKCEZymQsk6EEkovYyZGsSEj+UAnJTJIMZTKUkAxlMpYkMwkkF8kmOZAVCSR/poRkJkmGMhlKSIYyGUuSmQSSi9iYHMiKBJI/U0IykyRDmQwlJENJMpUkMwkkD2VyICsSSP5MCclMkgxlMpSQDCXJVJLMJJA8EJIcyIoEkp8V8khCMpMkQ5kMJSRDmYwlyUwCyUUIJAeyIiH5ObGRALmXkFzFM7lKkqFMhhKSoSSZSpKhhOQiSUJuZEVC8lMCeRHIWUJyL+RZIHeSZCiT9wRylZAMJclUkgwlJBeZSXIjKxKSHxJyEHKUQHIWyJuQsyQZyuQdYchFQjKUJFNJMpSQXGSSyY0sSCD5GSEnIQcJJCchRyEnSTKUyWMhJBcJyVCSTCXJUEJykYQkN7IggeRHhGziiWySgwSSk2QTG9mFHCXJUCaPJZBcJCRDSTKWyVBCchECyYEsSCD5CSEQyCYQQm4SSI5CIARCNslRkgxl8lAIJBcJyVAmY0kylJBcBRJyIwsSSH5CAiEvEkhuEkiOEgjZBQLJQZIMZfJAIJvkIiEZymQsSYYSknckB7IggeQnJJC8SiC5SSA5Sgh5kUBykCRDmdyJjTxJLhKSoSQZy2QoIbkKCeRGFiSQ/ISEkFcJJDcJJAcJJK8SSA6SZCiTO8mb5CIhGUqSsUyGEpKrBJIDWZCQ/IQEkpuE5CaB5CCB5FUCyUGSDGVyJ3mTXCQkQ0kylslQAslFSCA3siAh+QkJJDcJyU0CyUFC8iaB5CBJhjK5k7xJLhKSoSQZy2QogeQdyY0sSEh+RBLyJoHkJiE5CZA3CSQHSTKUyZ14JpBcJCRDSTKWyVACyUUgITeyICH5GYHcJJDcJCQfCCHkIEmGMnksgeQiIRlKkrFMhhJILpJ7siAh+ROEQHKTkLwvBJKjJBnK5LEEkouEZChJxjIZSiC5CCHkRhYkJH+AEEgOEpJ3BAiEHGUylcljCSQXCclQkoxlMpRAchVCciMLEpKfFwIhBwnJI4E8CTnJZCqTxxJILhKSoSQZy2QogeSRALmRBQnJTwtkkxwlJI8kL5KzTKYyeSyB5CIhmcpkLJOhBJIVsiAh+WEhu5CjhOSR5FkgJ5lMZfJYAslFQjKVyVgmUwnJClmQkPyoQDaBnCQkjwTIk5CjTKYyeSyB5CIhmcpkLEmGEpIVsiAh+UGB7ELuJCTvCWSTHGUylcljCSQXCclUJmNJMpSQrJDPJZD8nJBdIPcSkveFQMhBJlOZPJZAcpGQTGUyliRDCckK+VwCyU8JZBdylZB8IASSg0ymMnksgeQiIZnKZCxJhhKSFfK5BJIfErIL5IGE5CMJJAeZTGXyWALJRUIylclYkgwlJCvkcwkkPyNkE8hDCclRIEcJyUEmU5k8lkBykZBMZTKWJEMJyQr5XALJjwjZhLwjITkIQw4SSG4ymcrksQSSi4RkKpOxJBlKSFbI5xKSn5FAIO9JSA4SkoMEkptMpjJ5LIHkIiGZymQsSYYSSBbI5xKSHxFCyPsSkoMEkpuE5CCTqUweSyC5SEimMpnLZCiBZIF8LiH5EQkhH0hIDhJI3iSQHGQylcljCSQXCclUJnOZDCWQLJDPJcmPSCD5SEJykEDIixBIDjKZyuSxBJKLhGQqk7lMhhJIFsjnkuRHJBD35CaB5CDZhDwJgZCDTKYyeUdCcpFAMpTJXCZDCSQL5HNJ8iOSB5KbBJKjZBMIgUDIUSZTmbwjIblIIBnKZC6ToQSSBfK5JPkJySPJTQLJUciTQJ4kJ5lMZfKOhOQigWQoScYyGUogWSCfSkh+RPJAcpNAchJyEnKSyVQm70hILhJIhpJkLJOhBJIF8qmE5CfEMzkKuUkgOQu5CeQsk6lM3pGQXCSQDCXJWCZTCckC+VRC8pPiSI4SSO4E8iyQO0kylck7EpKLBJKhJBnLZCohWSCfSkj+VAkkV/FMrpJkKpN3xEYuEkiGkmQsk6mEZIF8KoHkD5VAMpMkU5kMJZAMJclYJlMJyQL5VAKxQA5C/hcSSGaSZCqToQSSoUzmMplKSBbIp5JFcSDxXeRNCIT8D2QylEAylMlcJlMJyQL5VPKniTfyLP5dchUmQwkkQ0kylslUQrJAfj0UDxhzAiEzyT+RJEMJyQL5VNyTX1Pxr5LHkmQoIVkg/0CMCPHMQH59WfybhGSBfL9AniXE/4LxRn59Jlkg/08lb+I7yP8ryefk1z8U/zr5Ocnn5NefI76NfCxZIL/+E+ITskB+/Vomv34tk1+/lsmvX8vk169l8uvXMvn1a5n8+rVMfv1aJr9+LZNfv5bJr1/L5NevZfLr1zJ5RzyTX79eyUMhz2KN/Pr/Tx5KhuLfIb/+XPJI8lPiewgEyK9/Th5KvkGA/IwAgfgC+Y+TR5JvELKLT0gsEQKEAPlucU/+U+SR5DtkAsmHkmRFgCQkxEckTuRFnMmy5D9FHkm+QyaQfChJViRJQvKxJLkK5CRZl/yXyCPJd8gAkw8lyZLMQJKPJcmrAHkVIG+SZcmLQP6/k0eS75CQJB9KkiWZkMknkuRZIMQLgUBeJMuSJyGBPBA7gdjJX0seSb5DEoZ8KElWJElC8rEk2QVCyItACHmWLEt2IUnyLJAXIRCGbEL+VvJI8g0Skk8lyYokCUk+liSbEEIOAgl5kixLdglk8iQkeZIQkkkgyd9KHkm+Q4Z8KklWJAlJ8rEkgZCQOyEhu2RZsssAk2dJ8iRDQiAkSf5S8kDyHZLkc0myIklCko8lCSEhFyEkm2RZsssEQp4kyS5JIIGEJPlLyQPJd0gSAvlIkqxIMiHkY0lCEvJISEKyLtklgZCBJEkYJpsEYiPJX0oeSb5BPJOPJcmKJDOQTyRJEvJYGJKsSzZJSJJJkglkJpsMeZb8peSR5BskKxKSFUkG8qkkk5D3JEmyLtlkCEkGSGYImUCSYSDJX0oeSb5BsiIhWZEkSzLJkHeFIcmyZJNJSMiTTMgwIUwgSZK/lDyQfIdkRZIsSZIlmUnygSRJliWbDJCQZ5nsMiTJTMKQv5Q8kHyHZEWSLEmSJZlJ8oEwSZYlm2QX8iKTXRJIkgGS/K3kgeQ7JCuSZEmSLMnM5EMJJMuSTUiAvMpkF7IJSXbJX0seSL5DsiJJliTJkkxIPpRAsix5EvJY7GQTO/l7yQPJd0hWJMmSJFmSCcnHEpJlyX+JPJB8h2RFkixJkiUJJJ9ISJYl/yXyQPIdkhVJsiRJliSQfCIhWZZ8vwB5FiC72MizkBexkSfJv0oeSL5DsiJJliTJkgSSTyQky5LvFkiyCySeyCaEAAOBQAgJMED+Nf8Hn2xhli+Bl3MAAAAASUVORK5CYII="/>